Archive member included to satisfy reference by file (symbol)

/nix/store/fhlw83iyhy5zfab548jl2nc693cb3shf-avr-gcc-13.2.0/lib/gcc/avr/13.2.0/avr5/libgcc.a(_divmodhi4.o)
                              src/main.o (__divmodhi4)
/nix/store/fhlw83iyhy5zfab548jl2nc693cb3shf-avr-gcc-13.2.0/lib/gcc/avr/13.2.0/avr5/libgcc.a(_exit.o)
                              /nix/store/3r8b164q0vzx0qgi62gh1nsx03yc13f4-avr-libc-avr-2.1.0/avr/lib/avr5/crtatmega328p.o (exit)
/nix/store/fhlw83iyhy5zfab548jl2nc693cb3shf-avr-gcc-13.2.0/lib/gcc/avr/13.2.0/avr5/libgcc.a(_copy_data.o)
                              src/main.o (__do_copy_data)
/nix/store/fhlw83iyhy5zfab548jl2nc693cb3shf-avr-gcc-13.2.0/lib/gcc/avr/13.2.0/avr5/libgcc.a(_clear_bss.o)
                              src/main.o (__do_clear_bss)
/nix/store/fhlw83iyhy5zfab548jl2nc693cb3shf-avr-gcc-13.2.0/lib/gcc/avr/13.2.0/avr5/libgcc.a(_udivmodhi4.o)
                              /nix/store/fhlw83iyhy5zfab548jl2nc693cb3shf-avr-gcc-13.2.0/lib/gcc/avr/13.2.0/avr5/libgcc.a(_divmodhi4.o) (__udivmodhi4)
/nix/store/3r8b164q0vzx0qgi62gh1nsx03yc13f4-avr-libc-avr-2.1.0/avr/lib/avr5/libc.a(dtostrf.o)
                              src/usart.o (dtostrf)
/nix/store/3r8b164q0vzx0qgi62gh1nsx03yc13f4-avr-libc-avr-2.1.0/avr/lib/avr5/libc.a(dtoa_prf.o)
                              /nix/store/3r8b164q0vzx0qgi62gh1nsx03yc13f4-avr-libc-avr-2.1.0/avr/lib/avr5/libc.a(dtostrf.o) (dtoa_prf)
/nix/store/3r8b164q0vzx0qgi62gh1nsx03yc13f4-avr-libc-avr-2.1.0/avr/lib/avr5/libc.a(ftoa_engine.o)
                              /nix/store/3r8b164q0vzx0qgi62gh1nsx03yc13f4-avr-libc-avr-2.1.0/avr/lib/avr5/libc.a(dtoa_prf.o) (__ftoa_engine)
/nix/store/3r8b164q0vzx0qgi62gh1nsx03yc13f4-avr-libc-avr-2.1.0/avr/lib/avr5/libc.a(memset.o)
                              /nix/store/3r8b164q0vzx0qgi62gh1nsx03yc13f4-avr-libc-avr-2.1.0/avr/lib/avr5/libc.a(dtoa_prf.o) (memset)
/nix/store/fhlw83iyhy5zfab548jl2nc693cb3shf-avr-gcc-13.2.0/lib/gcc/avr/13.2.0/avr5/libgcc.a(_prologue.o)
                              /nix/store/3r8b164q0vzx0qgi62gh1nsx03yc13f4-avr-libc-avr-2.1.0/avr/lib/avr5/libc.a(dtoa_prf.o) (__prologue_saves__)
/nix/store/fhlw83iyhy5zfab548jl2nc693cb3shf-avr-gcc-13.2.0/lib/gcc/avr/13.2.0/avr5/libgcc.a(_epilogue.o)
                              /nix/store/3r8b164q0vzx0qgi62gh1nsx03yc13f4-avr-libc-avr-2.1.0/avr/lib/avr5/libc.a(dtoa_prf.o) (__epilogue_restores__)

There are no discarded input sections

Memory Configuration

Name             Origin             Length             Attributes
text             0x00000000         0x00020000         xr
data             0x00800060         0x0000ffa0         rw!x
eeprom           0x00810000         0x00010000         rw!x
fuse             0x00820000         0x00000003         rw!x
lock             0x00830000         0x00000400         rw!x
signature        0x00840000         0x00000400         rw!x
user_signatures  0x00850000         0x00000400         rw!x
*default*        0x00000000         0xffffffff

Linker script and memory map

Address of section .data set to 0x800100
LOAD /nix/store/3r8b164q0vzx0qgi62gh1nsx03yc13f4-avr-libc-avr-2.1.0/avr/lib/avr5/crtatmega328p.o
LOAD src/main.o
LOAD src/usart.o
LOAD /nix/store/3r8b164q0vzx0qgi62gh1nsx03yc13f4-avr-libc-avr-2.1.0/avr/lib/avr5/libm.a
START GROUP
LOAD /nix/store/fhlw83iyhy5zfab548jl2nc693cb3shf-avr-gcc-13.2.0/lib/gcc/avr/13.2.0/avr5/libgcc.a
LOAD /nix/store/3r8b164q0vzx0qgi62gh1nsx03yc13f4-avr-libc-avr-2.1.0/avr/lib/avr5/libm.a
LOAD /nix/store/3r8b164q0vzx0qgi62gh1nsx03yc13f4-avr-libc-avr-2.1.0/avr/lib/avr5/libc.a
LOAD /nix/store/3r8b164q0vzx0qgi62gh1nsx03yc13f4-avr-libc-avr-2.1.0/avr/lib/avr5/libatmega328p.a
END GROUP
                0x00020000                        __TEXT_REGION_LENGTH__ = DEFINED (__TEXT_REGION_LENGTH__)?__TEXT_REGION_LENGTH__:0x20000
                0x00800060                        __DATA_REGION_ORIGIN__ = DEFINED (__DATA_REGION_ORIGIN__)?__DATA_REGION_ORIGIN__:0x800060
                0x0000ffa0                        __DATA_REGION_LENGTH__ = DEFINED (__DATA_REGION_LENGTH__)?__DATA_REGION_LENGTH__:0xffa0
                0x00010000                        __EEPROM_REGION_LENGTH__ = DEFINED (__EEPROM_REGION_LENGTH__)?__EEPROM_REGION_LENGTH__:0x10000
                [0x00000003]                      __FUSE_REGION_LENGTH__ = DEFINED (__FUSE_REGION_LENGTH__)?__FUSE_REGION_LENGTH__:0x400
                0x00000400                        __LOCK_REGION_LENGTH__ = DEFINED (__LOCK_REGION_LENGTH__)?__LOCK_REGION_LENGTH__:0x400
                0x00000400                        __SIGNATURE_REGION_LENGTH__ = DEFINED (__SIGNATURE_REGION_LENGTH__)?__SIGNATURE_REGION_LENGTH__:0x400
                0x00000400                        __USER_SIGNATURE_REGION_LENGTH__ = DEFINED (__USER_SIGNATURE_REGION_LENGTH__)?__USER_SIGNATURE_REGION_LENGTH__:0x400

.hash
 *(.hash)

.dynsym
 *(.dynsym)

.dynstr
 *(.dynstr)

.gnu.version
 *(.gnu.version)

.gnu.version_d
 *(.gnu.version_d)

.gnu.version_r
 *(.gnu.version_r)

.rel.init
 *(.rel.init)

.rela.init
 *(.rela.init)

.rel.text
 *(.rel.text)
 *(.rel.text.*)
 *(.rel.gnu.linkonce.t*)

.rela.text
 *(.rela.text)
 *(.rela.text.*)
 *(.rela.gnu.linkonce.t*)

.rel.fini
 *(.rel.fini)

.rela.fini
 *(.rela.fini)

.rel.rodata
 *(.rel.rodata)
 *(.rel.rodata.*)
 *(.rel.gnu.linkonce.r*)

.rela.rodata
 *(.rela.rodata)
 *(.rela.rodata.*)
 *(.rela.gnu.linkonce.r*)

.rel.data
 *(.rel.data)
 *(.rel.data.*)
 *(.rel.gnu.linkonce.d*)

.rela.data
 *(.rela.data)
 *(.rela.data.*)
 *(.rela.gnu.linkonce.d*)

.rel.ctors
 *(.rel.ctors)

.rela.ctors
 *(.rela.ctors)

.rel.dtors
 *(.rel.dtors)

.rela.dtors
 *(.rela.dtors)

.rel.got
 *(.rel.got)

.rela.got
 *(.rela.got)

.rel.bss
 *(.rel.bss)

.rela.bss
 *(.rela.bss)

.rel.plt
 *(.rel.plt)

.rela.plt
 *(.rela.plt)

.text           0x00000000      0x95a
 *(.vectors)
 .vectors       0x00000000       0x68 /nix/store/3r8b164q0vzx0qgi62gh1nsx03yc13f4-avr-libc-avr-2.1.0/avr/lib/avr5/crtatmega328p.o
                0x00000000                __vectors
                0x00000000                __vector_default
 *(.vectors)
 *(.progmem.gcc*)
                0x00000068                        . = ALIGN (0x2)
                0x00000068                        __trampolines_start = .
 *(.trampolines)
 .trampolines   0x00000068        0x0 linker stubs
 *(.trampolines*)
                0x00000068                        __trampolines_end = .
 *libprintf_flt.a:*(.progmem.data)
 *libc.a:*(.progmem.data)
 .progmem.data  0x00000068       0xfa /nix/store/3r8b164q0vzx0qgi62gh1nsx03yc13f4-avr-libc-avr-2.1.0/avr/lib/avr5/libc.a(ftoa_engine.o)
 *(.progmem.*)
                0x00000162                        . = ALIGN (0x2)
 *(.lowtext)
 *(.lowtext*)
                0x00000162                        __ctors_start = .
 *(.ctors)
                0x00000162                        __ctors_end = .
                0x00000162                        __dtors_start = .
 *(.dtors)
                0x00000162                        __dtors_end = .
 SORT_BY_NAME(*)(.ctors)
 SORT_BY_NAME(*)(.dtors)
 *(.init0)
 .init0         0x00000162        0x0 /nix/store/3r8b164q0vzx0qgi62gh1nsx03yc13f4-avr-libc-avr-2.1.0/avr/lib/avr5/crtatmega328p.o
                0x00000162                __init
 *(.init0)
 *(.init1)
 *(.init1)
 *(.init2)
 .init2         0x00000162        0xc /nix/store/3r8b164q0vzx0qgi62gh1nsx03yc13f4-avr-libc-avr-2.1.0/avr/lib/avr5/crtatmega328p.o
 *(.init2)
 *(.init3)
 *(.init3)
 *(.init4)
 .init4         0x0000016e       0x16 /nix/store/fhlw83iyhy5zfab548jl2nc693cb3shf-avr-gcc-13.2.0/lib/gcc/avr/13.2.0/avr5/libgcc.a(_copy_data.o)
                0x0000016e                __do_copy_data
 .init4         0x00000184       0x10 /nix/store/fhlw83iyhy5zfab548jl2nc693cb3shf-avr-gcc-13.2.0/lib/gcc/avr/13.2.0/avr5/libgcc.a(_clear_bss.o)
                0x00000184                __do_clear_bss
 *(.init4)
 *(.init5)
 *(.init5)
 *(.init6)
 *(.init6)
 *(.init7)
 *(.init7)
 *(.init8)
 *(.init8)
 *(.init9)
 .init9         0x00000194        0x8 /nix/store/3r8b164q0vzx0qgi62gh1nsx03yc13f4-avr-libc-avr-2.1.0/avr/lib/avr5/crtatmega328p.o
 *(.init9)
 *(.text)
 .text          0x0000019c        0x4 /nix/store/3r8b164q0vzx0qgi62gh1nsx03yc13f4-avr-libc-avr-2.1.0/avr/lib/avr5/crtatmega328p.o
                0x0000019c                __vector_22
                0x0000019c                __vector_1
                0x0000019c                __vector_24
                0x0000019c                __vector_12
                0x0000019c                __bad_interrupt
                0x0000019c                __vector_6
                0x0000019c                __vector_3
                0x0000019c                __vector_23
                0x0000019c                __vector_25
                0x0000019c                __vector_13
                0x0000019c                __vector_17
                0x0000019c                __vector_19
                0x0000019c                __vector_7
                0x0000019c                __vector_5
                0x0000019c                __vector_4
                0x0000019c                __vector_9
                0x0000019c                __vector_2
                0x0000019c                __vector_21
                0x0000019c                __vector_15
                0x0000019c                __vector_8
                0x0000019c                __vector_14
                0x0000019c                __vector_10
                0x0000019c                __vector_16
                0x0000019c                __vector_18
                0x0000019c                __vector_20
 .text          0x000001a0       0xa2 src/main.o
                0x000001a0                __vector_11
                0x000001c4                init_timer1
                0x000001e6                check_btns
 .text          0x00000242       0xc6 src/usart.o
                0x00000242                usart_init
                0x00000260                usart_transmit
                0x0000026e                usart_tx_string
                0x00000286                usart_tx_float
 .text          0x00000308        0x0 /nix/store/fhlw83iyhy5zfab548jl2nc693cb3shf-avr-gcc-13.2.0/lib/gcc/avr/13.2.0/avr5/libgcc.a(_divmodhi4.o)
 .text          0x00000308        0x0 /nix/store/fhlw83iyhy5zfab548jl2nc693cb3shf-avr-gcc-13.2.0/lib/gcc/avr/13.2.0/avr5/libgcc.a(_exit.o)
 .text          0x00000308        0x0 /nix/store/fhlw83iyhy5zfab548jl2nc693cb3shf-avr-gcc-13.2.0/lib/gcc/avr/13.2.0/avr5/libgcc.a(_copy_data.o)
 .text          0x00000308        0x0 /nix/store/fhlw83iyhy5zfab548jl2nc693cb3shf-avr-gcc-13.2.0/lib/gcc/avr/13.2.0/avr5/libgcc.a(_clear_bss.o)
 .text          0x00000308        0x0 /nix/store/fhlw83iyhy5zfab548jl2nc693cb3shf-avr-gcc-13.2.0/lib/gcc/avr/13.2.0/avr5/libgcc.a(_udivmodhi4.o)
 .text          0x00000308        0x0 /nix/store/3r8b164q0vzx0qgi62gh1nsx03yc13f4-avr-libc-avr-2.1.0/avr/lib/avr5/libc.a(dtostrf.o)
 .text          0x00000308        0x0 /nix/store/3r8b164q0vzx0qgi62gh1nsx03yc13f4-avr-libc-avr-2.1.0/avr/lib/avr5/libc.a(dtoa_prf.o)
 .text          0x00000308        0x0 /nix/store/3r8b164q0vzx0qgi62gh1nsx03yc13f4-avr-libc-avr-2.1.0/avr/lib/avr5/libc.a(ftoa_engine.o)
 .text          0x00000308        0x0 /nix/store/3r8b164q0vzx0qgi62gh1nsx03yc13f4-avr-libc-avr-2.1.0/avr/lib/avr5/libc.a(memset.o)
 .text          0x00000308        0x0 /nix/store/fhlw83iyhy5zfab548jl2nc693cb3shf-avr-gcc-13.2.0/lib/gcc/avr/13.2.0/avr5/libgcc.a(_prologue.o)
 .text          0x00000308        0x0 /nix/store/fhlw83iyhy5zfab548jl2nc693cb3shf-avr-gcc-13.2.0/lib/gcc/avr/13.2.0/avr5/libgcc.a(_epilogue.o)
                0x00000308                        . = ALIGN (0x2)
 *(.text.*)
 .text.startup  0x00000308      0x100 src/main.o
                0x00000308                main
 .text.libgcc.mul
                0x00000408        0x0 /nix/store/fhlw83iyhy5zfab548jl2nc693cb3shf-avr-gcc-13.2.0/lib/gcc/avr/13.2.0/avr5/libgcc.a(_divmodhi4.o)
 .text.libgcc.div
                0x00000408       0x28 /nix/store/fhlw83iyhy5zfab548jl2nc693cb3shf-avr-gcc-13.2.0/lib/gcc/avr/13.2.0/avr5/libgcc.a(_divmodhi4.o)
                0x00000408                __divmodhi4
                0x00000408                _div
 .text.libgcc   0x00000430        0x0 /nix/store/fhlw83iyhy5zfab548jl2nc693cb3shf-avr-gcc-13.2.0/lib/gcc/avr/13.2.0/avr5/libgcc.a(_divmodhi4.o)
 .text.libgcc.prologue
                0x00000430        0x0 /nix/store/fhlw83iyhy5zfab548jl2nc693cb3shf-avr-gcc-13.2.0/lib/gcc/avr/13.2.0/avr5/libgcc.a(_divmodhi4.o)
 .text.libgcc.builtins
                0x00000430        0x0 /nix/store/fhlw83iyhy5zfab548jl2nc693cb3shf-avr-gcc-13.2.0/lib/gcc/avr/13.2.0/avr5/libgcc.a(_divmodhi4.o)
 .text.libgcc.fmul
                0x00000430        0x0 /nix/store/fhlw83iyhy5zfab548jl2nc693cb3shf-avr-gcc-13.2.0/lib/gcc/avr/13.2.0/avr5/libgcc.a(_divmodhi4.o)
 .text.libgcc.fixed
                0x00000430        0x0 /nix/store/fhlw83iyhy5zfab548jl2nc693cb3shf-avr-gcc-13.2.0/lib/gcc/avr/13.2.0/avr5/libgcc.a(_divmodhi4.o)
 .text.libgcc.mul
                0x00000430        0x0 /nix/store/fhlw83iyhy5zfab548jl2nc693cb3shf-avr-gcc-13.2.0/lib/gcc/avr/13.2.0/avr5/libgcc.a(_exit.o)
 .text.libgcc.div
                0x00000430        0x0 /nix/store/fhlw83iyhy5zfab548jl2nc693cb3shf-avr-gcc-13.2.0/lib/gcc/avr/13.2.0/avr5/libgcc.a(_exit.o)
 .text.libgcc   0x00000430        0x0 /nix/store/fhlw83iyhy5zfab548jl2nc693cb3shf-avr-gcc-13.2.0/lib/gcc/avr/13.2.0/avr5/libgcc.a(_exit.o)
 .text.libgcc.prologue
                0x00000430        0x0 /nix/store/fhlw83iyhy5zfab548jl2nc693cb3shf-avr-gcc-13.2.0/lib/gcc/avr/13.2.0/avr5/libgcc.a(_exit.o)
 .text.libgcc.builtins
                0x00000430        0x0 /nix/store/fhlw83iyhy5zfab548jl2nc693cb3shf-avr-gcc-13.2.0/lib/gcc/avr/13.2.0/avr5/libgcc.a(_exit.o)
 .text.libgcc.fmul
                0x00000430        0x0 /nix/store/fhlw83iyhy5zfab548jl2nc693cb3shf-avr-gcc-13.2.0/lib/gcc/avr/13.2.0/avr5/libgcc.a(_exit.o)
 .text.libgcc.fixed
                0x00000430        0x0 /nix/store/fhlw83iyhy5zfab548jl2nc693cb3shf-avr-gcc-13.2.0/lib/gcc/avr/13.2.0/avr5/libgcc.a(_exit.o)
 .text.libgcc.mul
                0x00000430        0x0 /nix/store/fhlw83iyhy5zfab548jl2nc693cb3shf-avr-gcc-13.2.0/lib/gcc/avr/13.2.0/avr5/libgcc.a(_copy_data.o)
 .text.libgcc.div
                0x00000430        0x0 /nix/store/fhlw83iyhy5zfab548jl2nc693cb3shf-avr-gcc-13.2.0/lib/gcc/avr/13.2.0/avr5/libgcc.a(_copy_data.o)
 .text.libgcc   0x00000430        0x0 /nix/store/fhlw83iyhy5zfab548jl2nc693cb3shf-avr-gcc-13.2.0/lib/gcc/avr/13.2.0/avr5/libgcc.a(_copy_data.o)
 .text.libgcc.prologue
                0x00000430        0x0 /nix/store/fhlw83iyhy5zfab548jl2nc693cb3shf-avr-gcc-13.2.0/lib/gcc/avr/13.2.0/avr5/libgcc.a(_copy_data.o)
 .text.libgcc.builtins
                0x00000430        0x0 /nix/store/fhlw83iyhy5zfab548jl2nc693cb3shf-avr-gcc-13.2.0/lib/gcc/avr/13.2.0/avr5/libgcc.a(_copy_data.o)
 .text.libgcc.fmul
                0x00000430        0x0 /nix/store/fhlw83iyhy5zfab548jl2nc693cb3shf-avr-gcc-13.2.0/lib/gcc/avr/13.2.0/avr5/libgcc.a(_copy_data.o)
 .text.libgcc.fixed
                0x00000430        0x0 /nix/store/fhlw83iyhy5zfab548jl2nc693cb3shf-avr-gcc-13.2.0/lib/gcc/avr/13.2.0/avr5/libgcc.a(_copy_data.o)
 .text.libgcc.mul
                0x00000430        0x0 /nix/store/fhlw83iyhy5zfab548jl2nc693cb3shf-avr-gcc-13.2.0/lib/gcc/avr/13.2.0/avr5/libgcc.a(_clear_bss.o)
 .text.libgcc.div
                0x00000430        0x0 /nix/store/fhlw83iyhy5zfab548jl2nc693cb3shf-avr-gcc-13.2.0/lib/gcc/avr/13.2.0/avr5/libgcc.a(_clear_bss.o)
 .text.libgcc   0x00000430        0x0 /nix/store/fhlw83iyhy5zfab548jl2nc693cb3shf-avr-gcc-13.2.0/lib/gcc/avr/13.2.0/avr5/libgcc.a(_clear_bss.o)
 .text.libgcc.prologue
                0x00000430        0x0 /nix/store/fhlw83iyhy5zfab548jl2nc693cb3shf-avr-gcc-13.2.0/lib/gcc/avr/13.2.0/avr5/libgcc.a(_clear_bss.o)
 .text.libgcc.builtins
                0x00000430        0x0 /nix/store/fhlw83iyhy5zfab548jl2nc693cb3shf-avr-gcc-13.2.0/lib/gcc/avr/13.2.0/avr5/libgcc.a(_clear_bss.o)
 .text.libgcc.fmul
                0x00000430        0x0 /nix/store/fhlw83iyhy5zfab548jl2nc693cb3shf-avr-gcc-13.2.0/lib/gcc/avr/13.2.0/avr5/libgcc.a(_clear_bss.o)
 .text.libgcc.fixed
                0x00000430        0x0 /nix/store/fhlw83iyhy5zfab548jl2nc693cb3shf-avr-gcc-13.2.0/lib/gcc/avr/13.2.0/avr5/libgcc.a(_clear_bss.o)
 .text.libgcc.mul
                0x00000430        0x0 /nix/store/fhlw83iyhy5zfab548jl2nc693cb3shf-avr-gcc-13.2.0/lib/gcc/avr/13.2.0/avr5/libgcc.a(_udivmodhi4.o)
 .text.libgcc.div
                0x00000430       0x28 /nix/store/fhlw83iyhy5zfab548jl2nc693cb3shf-avr-gcc-13.2.0/lib/gcc/avr/13.2.0/avr5/libgcc.a(_udivmodhi4.o)
                0x00000430                __udivmodhi4
 .text.libgcc   0x00000458        0x0 /nix/store/fhlw83iyhy5zfab548jl2nc693cb3shf-avr-gcc-13.2.0/lib/gcc/avr/13.2.0/avr5/libgcc.a(_udivmodhi4.o)
 .text.libgcc.prologue
                0x00000458        0x0 /nix/store/fhlw83iyhy5zfab548jl2nc693cb3shf-avr-gcc-13.2.0/lib/gcc/avr/13.2.0/avr5/libgcc.a(_udivmodhi4.o)
 .text.libgcc.builtins
                0x00000458        0x0 /nix/store/fhlw83iyhy5zfab548jl2nc693cb3shf-avr-gcc-13.2.0/lib/gcc/avr/13.2.0/avr5/libgcc.a(_udivmodhi4.o)
 .text.libgcc.fmul
                0x00000458        0x0 /nix/store/fhlw83iyhy5zfab548jl2nc693cb3shf-avr-gcc-13.2.0/lib/gcc/avr/13.2.0/avr5/libgcc.a(_udivmodhi4.o)
 .text.libgcc.fixed
                0x00000458        0x0 /nix/store/fhlw83iyhy5zfab548jl2nc693cb3shf-avr-gcc-13.2.0/lib/gcc/avr/13.2.0/avr5/libgcc.a(_udivmodhi4.o)
 .text.avr-libc
                0x00000458       0x42 /nix/store/3r8b164q0vzx0qgi62gh1nsx03yc13f4-avr-libc-avr-2.1.0/avr/lib/avr5/libc.a(dtostrf.o)
                0x00000458                dtostrf
 .text.avr-libc
                0x0000049a      0x290 /nix/store/3r8b164q0vzx0qgi62gh1nsx03yc13f4-avr-libc-avr-2.1.0/avr/lib/avr5/libc.a(dtoa_prf.o)
                0x0000049a                dtoa_prf
 .text.avr-libc
                0x0000072a      0x1b0 /nix/store/3r8b164q0vzx0qgi62gh1nsx03yc13f4-avr-libc-avr-2.1.0/avr/lib/avr5/libc.a(ftoa_engine.o)
                0x0000072a                __ftoa_engine
 .text.avr-libc
                0x000008da        0xe /nix/store/3r8b164q0vzx0qgi62gh1nsx03yc13f4-avr-libc-avr-2.1.0/avr/lib/avr5/libc.a(memset.o)
                0x000008da                memset
 .text.libgcc.mul
                0x000008e8        0x0 /nix/store/fhlw83iyhy5zfab548jl2nc693cb3shf-avr-gcc-13.2.0/lib/gcc/avr/13.2.0/avr5/libgcc.a(_prologue.o)
 .text.libgcc.div
                0x000008e8        0x0 /nix/store/fhlw83iyhy5zfab548jl2nc693cb3shf-avr-gcc-13.2.0/lib/gcc/avr/13.2.0/avr5/libgcc.a(_prologue.o)
 .text.libgcc   0x000008e8        0x0 /nix/store/fhlw83iyhy5zfab548jl2nc693cb3shf-avr-gcc-13.2.0/lib/gcc/avr/13.2.0/avr5/libgcc.a(_prologue.o)
 .text.libgcc.prologue
                0x000008e8       0x38 /nix/store/fhlw83iyhy5zfab548jl2nc693cb3shf-avr-gcc-13.2.0/lib/gcc/avr/13.2.0/avr5/libgcc.a(_prologue.o)
                0x000008e8                __prologue_saves__
 .text.libgcc.builtins
                0x00000920        0x0 /nix/store/fhlw83iyhy5zfab548jl2nc693cb3shf-avr-gcc-13.2.0/lib/gcc/avr/13.2.0/avr5/libgcc.a(_prologue.o)
 .text.libgcc.fmul
                0x00000920        0x0 /nix/store/fhlw83iyhy5zfab548jl2nc693cb3shf-avr-gcc-13.2.0/lib/gcc/avr/13.2.0/avr5/libgcc.a(_prologue.o)
 .text.libgcc.fixed
                0x00000920        0x0 /nix/store/fhlw83iyhy5zfab548jl2nc693cb3shf-avr-gcc-13.2.0/lib/gcc/avr/13.2.0/avr5/libgcc.a(_prologue.o)
 .text.libgcc.mul
                0x00000920        0x0 /nix/store/fhlw83iyhy5zfab548jl2nc693cb3shf-avr-gcc-13.2.0/lib/gcc/avr/13.2.0/avr5/libgcc.a(_epilogue.o)
 .text.libgcc.div
                0x00000920        0x0 /nix/store/fhlw83iyhy5zfab548jl2nc693cb3shf-avr-gcc-13.2.0/lib/gcc/avr/13.2.0/avr5/libgcc.a(_epilogue.o)
 .text.libgcc   0x00000920        0x0 /nix/store/fhlw83iyhy5zfab548jl2nc693cb3shf-avr-gcc-13.2.0/lib/gcc/avr/13.2.0/avr5/libgcc.a(_epilogue.o)
 .text.libgcc.prologue
                0x00000920       0x36 /nix/store/fhlw83iyhy5zfab548jl2nc693cb3shf-avr-gcc-13.2.0/lib/gcc/avr/13.2.0/avr5/libgcc.a(_epilogue.o)
                0x00000920                __epilogue_restores__
 .text.libgcc.builtins
                0x00000956        0x0 /nix/store/fhlw83iyhy5zfab548jl2nc693cb3shf-avr-gcc-13.2.0/lib/gcc/avr/13.2.0/avr5/libgcc.a(_epilogue.o)
 .text.libgcc.fmul
                0x00000956        0x0 /nix/store/fhlw83iyhy5zfab548jl2nc693cb3shf-avr-gcc-13.2.0/lib/gcc/avr/13.2.0/avr5/libgcc.a(_epilogue.o)
 .text.libgcc.fixed
                0x00000956        0x0 /nix/store/fhlw83iyhy5zfab548jl2nc693cb3shf-avr-gcc-13.2.0/lib/gcc/avr/13.2.0/avr5/libgcc.a(_epilogue.o)
                0x00000956                        . = ALIGN (0x2)
 *(.fini9)
 .fini9         0x00000956        0x0 /nix/store/fhlw83iyhy5zfab548jl2nc693cb3shf-avr-gcc-13.2.0/lib/gcc/avr/13.2.0/avr5/libgcc.a(_exit.o)
                0x00000956                exit
                0x00000956                _exit
 *(.fini9)
 *(.fini8)
 *(.fini8)
 *(.fini7)
 *(.fini7)
 *(.fini6)
 *(.fini6)
 *(.fini5)
 *(.fini5)
 *(.fini4)
 *(.fini4)
 *(.fini3)
 *(.fini3)
 *(.fini2)
 *(.fini2)
 *(.fini1)
 *(.fini1)
 *(.fini0)
 .fini0         0x00000956        0x4 /nix/store/fhlw83iyhy5zfab548jl2nc693cb3shf-avr-gcc-13.2.0/lib/gcc/avr/13.2.0/avr5/libgcc.a(_exit.o)
 *(.fini0)
 *(.hightext)
 *(.hightext*)
 *(.progmemx.*)
                0x0000095a                        . = ALIGN (0x2)
 *(.jumptables)
 *(.jumptables*)
                0x0000095a                        _etext = .

.data           0x00800100        0xe load address 0x0000095a
                0x00800100                        PROVIDE (__data_start = .)
 *(.data)
 .data          0x00800100        0x0 /nix/store/3r8b164q0vzx0qgi62gh1nsx03yc13f4-avr-libc-avr-2.1.0/avr/lib/avr5/crtatmega328p.o
 .data          0x00800100        0xe src/main.o
                0x00800100                digits
                0x0080010a                display
 .data          0x0080010e        0x0 src/usart.o
 .data          0x0080010e        0x0 /nix/store/fhlw83iyhy5zfab548jl2nc693cb3shf-avr-gcc-13.2.0/lib/gcc/avr/13.2.0/avr5/libgcc.a(_divmodhi4.o)
 .data          0x0080010e        0x0 /nix/store/fhlw83iyhy5zfab548jl2nc693cb3shf-avr-gcc-13.2.0/lib/gcc/avr/13.2.0/avr5/libgcc.a(_exit.o)
 .data          0x0080010e        0x0 /nix/store/fhlw83iyhy5zfab548jl2nc693cb3shf-avr-gcc-13.2.0/lib/gcc/avr/13.2.0/avr5/libgcc.a(_copy_data.o)
 .data          0x0080010e        0x0 /nix/store/fhlw83iyhy5zfab548jl2nc693cb3shf-avr-gcc-13.2.0/lib/gcc/avr/13.2.0/avr5/libgcc.a(_clear_bss.o)
 .data          0x0080010e        0x0 /nix/store/fhlw83iyhy5zfab548jl2nc693cb3shf-avr-gcc-13.2.0/lib/gcc/avr/13.2.0/avr5/libgcc.a(_udivmodhi4.o)
 .data          0x0080010e        0x0 /nix/store/3r8b164q0vzx0qgi62gh1nsx03yc13f4-avr-libc-avr-2.1.0/avr/lib/avr5/libc.a(dtostrf.o)
 .data          0x0080010e        0x0 /nix/store/3r8b164q0vzx0qgi62gh1nsx03yc13f4-avr-libc-avr-2.1.0/avr/lib/avr5/libc.a(dtoa_prf.o)
 .data          0x0080010e        0x0 /nix/store/3r8b164q0vzx0qgi62gh1nsx03yc13f4-avr-libc-avr-2.1.0/avr/lib/avr5/libc.a(ftoa_engine.o)
 .data          0x0080010e        0x0 /nix/store/3r8b164q0vzx0qgi62gh1nsx03yc13f4-avr-libc-avr-2.1.0/avr/lib/avr5/libc.a(memset.o)
 .data          0x0080010e        0x0 /nix/store/fhlw83iyhy5zfab548jl2nc693cb3shf-avr-gcc-13.2.0/lib/gcc/avr/13.2.0/avr5/libgcc.a(_prologue.o)
 .data          0x0080010e        0x0 /nix/store/fhlw83iyhy5zfab548jl2nc693cb3shf-avr-gcc-13.2.0/lib/gcc/avr/13.2.0/avr5/libgcc.a(_epilogue.o)
 *(.data*)
 *(.gnu.linkonce.d*)
 *(.rodata)
 *(.rodata*)
 *(.gnu.linkonce.r*)
                0x0080010e                        . = ALIGN (0x2)
                0x0080010e                        _edata = .
                0x0080010e                        PROVIDE (__data_end = .)

.bss            0x0080010e        0x4
                0x0080010e                        PROVIDE (__bss_start = .)
 *(.bss)
 .bss           0x0080010e        0x0 /nix/store/3r8b164q0vzx0qgi62gh1nsx03yc13f4-avr-libc-avr-2.1.0/avr/lib/avr5/crtatmega328p.o
 .bss           0x0080010e        0x4 src/main.o
                0x0080010e                reset_pressed
                0x0080010f                start_pressed
                0x00800110                num_seconds
 .bss           0x00800112        0x0 src/usart.o
 .bss           0x00800112        0x0 /nix/store/fhlw83iyhy5zfab548jl2nc693cb3shf-avr-gcc-13.2.0/lib/gcc/avr/13.2.0/avr5/libgcc.a(_divmodhi4.o)
 .bss           0x00800112        0x0 /nix/store/fhlw83iyhy5zfab548jl2nc693cb3shf-avr-gcc-13.2.0/lib/gcc/avr/13.2.0/avr5/libgcc.a(_exit.o)
 .bss           0x00800112        0x0 /nix/store/fhlw83iyhy5zfab548jl2nc693cb3shf-avr-gcc-13.2.0/lib/gcc/avr/13.2.0/avr5/libgcc.a(_copy_data.o)
 .bss           0x00800112        0x0 /nix/store/fhlw83iyhy5zfab548jl2nc693cb3shf-avr-gcc-13.2.0/lib/gcc/avr/13.2.0/avr5/libgcc.a(_clear_bss.o)
 .bss           0x00800112        0x0 /nix/store/fhlw83iyhy5zfab548jl2nc693cb3shf-avr-gcc-13.2.0/lib/gcc/avr/13.2.0/avr5/libgcc.a(_udivmodhi4.o)
 .bss           0x00800112        0x0 /nix/store/3r8b164q0vzx0qgi62gh1nsx03yc13f4-avr-libc-avr-2.1.0/avr/lib/avr5/libc.a(dtostrf.o)
 .bss           0x00800112        0x0 /nix/store/3r8b164q0vzx0qgi62gh1nsx03yc13f4-avr-libc-avr-2.1.0/avr/lib/avr5/libc.a(dtoa_prf.o)
 .bss           0x00800112        0x0 /nix/store/3r8b164q0vzx0qgi62gh1nsx03yc13f4-avr-libc-avr-2.1.0/avr/lib/avr5/libc.a(ftoa_engine.o)
 .bss           0x00800112        0x0 /nix/store/3r8b164q0vzx0qgi62gh1nsx03yc13f4-avr-libc-avr-2.1.0/avr/lib/avr5/libc.a(memset.o)
 .bss           0x00800112        0x0 /nix/store/fhlw83iyhy5zfab548jl2nc693cb3shf-avr-gcc-13.2.0/lib/gcc/avr/13.2.0/avr5/libgcc.a(_prologue.o)
 .bss           0x00800112        0x0 /nix/store/fhlw83iyhy5zfab548jl2nc693cb3shf-avr-gcc-13.2.0/lib/gcc/avr/13.2.0/avr5/libgcc.a(_epilogue.o)
 *(.bss*)
 *(COMMON)
                0x00800112                        PROVIDE (__bss_end = .)
                0x0000095a                        __data_load_start = LOADADDR (.data)
                0x00000968                        __data_load_end = (__data_load_start + SIZEOF (.data))

.noinit         0x00800112        0x0
                [!provide]                        PROVIDE (__noinit_start = .)
 *(.noinit .noinit.* .gnu.linkonce.n.*)
                [!provide]                        PROVIDE (__noinit_end = .)
                0x00800112                        _end = .
                [!provide]                        PROVIDE (__heap_start = .)

.eeprom         0x00810000        0x0
 *(.eeprom*)
                0x00810000                        __eeprom_end = .

.fuse
 *(.fuse)
 *(.lfuse)
 *(.hfuse)
 *(.efuse)

.lock
 *(.lock*)

.signature
 *(.signature*)

.stab
 *(.stab)

.stabstr
 *(.stabstr)

.stab.excl
 *(.stab.excl)

.stab.exclstr
 *(.stab.exclstr)

.stab.index
 *(.stab.index)

.stab.indexstr
 *(.stab.indexstr)

.comment        0x00000000       0x12
 *(.comment)
 .comment       0x00000000       0x12 src/main.o
                                 0x13 (size before relaxing)
 .comment       0x00000012       0x13 src/usart.o
 .comment       0x00000012       0x13 /nix/store/3r8b164q0vzx0qgi62gh1nsx03yc13f4-avr-libc-avr-2.1.0/avr/lib/avr5/libc.a(dtostrf.o)
 .comment       0x00000012       0x13 /nix/store/3r8b164q0vzx0qgi62gh1nsx03yc13f4-avr-libc-avr-2.1.0/avr/lib/avr5/libc.a(dtoa_prf.o)

.note.gnu.avr.deviceinfo
                0x00000000       0x40
 .note.gnu.avr.deviceinfo
                0x00000000       0x40 /nix/store/3r8b164q0vzx0qgi62gh1nsx03yc13f4-avr-libc-avr-2.1.0/avr/lib/avr5/crtatmega328p.o

.gnu.build.attributes
 *(.gnu.build.attributes .gnu.build.attributes.*)

.note.gnu.build-id
 *(.note.gnu.build-id)

.debug
 *(.debug)

.line
 *(.line)

.debug_srcinfo
 *(.debug_srcinfo)

.debug_sfnames
 *(.debug_sfnames)

.debug_aranges  0x00000000      0x128
 *(.debug_aranges)
 .debug_aranges
                0x00000000       0x28 src/main.o
 .debug_aranges
                0x00000028       0x20 src/usart.o
 .debug_aranges
                0x00000048       0x20 /nix/store/fhlw83iyhy5zfab548jl2nc693cb3shf-avr-gcc-13.2.0/lib/gcc/avr/13.2.0/avr5/libgcc.a(_divmodhi4.o)
 .debug_aranges
                0x00000068       0x20 /nix/store/fhlw83iyhy5zfab548jl2nc693cb3shf-avr-gcc-13.2.0/lib/gcc/avr/13.2.0/avr5/libgcc.a(_exit.o)
 .debug_aranges
                0x00000088       0x20 /nix/store/fhlw83iyhy5zfab548jl2nc693cb3shf-avr-gcc-13.2.0/lib/gcc/avr/13.2.0/avr5/libgcc.a(_copy_data.o)
 .debug_aranges
                0x000000a8       0x20 /nix/store/fhlw83iyhy5zfab548jl2nc693cb3shf-avr-gcc-13.2.0/lib/gcc/avr/13.2.0/avr5/libgcc.a(_clear_bss.o)
 .debug_aranges
                0x000000c8       0x20 /nix/store/fhlw83iyhy5zfab548jl2nc693cb3shf-avr-gcc-13.2.0/lib/gcc/avr/13.2.0/avr5/libgcc.a(_udivmodhi4.o)
 .debug_aranges
                0x000000e8       0x20 /nix/store/fhlw83iyhy5zfab548jl2nc693cb3shf-avr-gcc-13.2.0/lib/gcc/avr/13.2.0/avr5/libgcc.a(_prologue.o)
 .debug_aranges
                0x00000108       0x20 /nix/store/fhlw83iyhy5zfab548jl2nc693cb3shf-avr-gcc-13.2.0/lib/gcc/avr/13.2.0/avr5/libgcc.a(_epilogue.o)

.debug_pubnames
 *(.debug_pubnames)

.debug_info     0x00000000      0xb8f
 *(.debug_info .gnu.linkonce.wi.*)
 .debug_info    0x00000000      0x5f4 /nix/store/3r8b164q0vzx0qgi62gh1nsx03yc13f4-avr-libc-avr-2.1.0/avr/lib/avr5/crtatmega328p.o
 .debug_info    0x000005f4      0x2b5 src/main.o
 .debug_info    0x000008a9      0x1ea src/usart.o
 .debug_info    0x00000a93       0x24 /nix/store/fhlw83iyhy5zfab548jl2nc693cb3shf-avr-gcc-13.2.0/lib/gcc/avr/13.2.0/avr5/libgcc.a(_divmodhi4.o)
 .debug_info    0x00000ab7       0x24 /nix/store/fhlw83iyhy5zfab548jl2nc693cb3shf-avr-gcc-13.2.0/lib/gcc/avr/13.2.0/avr5/libgcc.a(_exit.o)
 .debug_info    0x00000adb       0x24 /nix/store/fhlw83iyhy5zfab548jl2nc693cb3shf-avr-gcc-13.2.0/lib/gcc/avr/13.2.0/avr5/libgcc.a(_copy_data.o)
 .debug_info    0x00000aff       0x24 /nix/store/fhlw83iyhy5zfab548jl2nc693cb3shf-avr-gcc-13.2.0/lib/gcc/avr/13.2.0/avr5/libgcc.a(_clear_bss.o)
 .debug_info    0x00000b23       0x24 /nix/store/fhlw83iyhy5zfab548jl2nc693cb3shf-avr-gcc-13.2.0/lib/gcc/avr/13.2.0/avr5/libgcc.a(_udivmodhi4.o)
 .debug_info    0x00000b47       0x24 /nix/store/fhlw83iyhy5zfab548jl2nc693cb3shf-avr-gcc-13.2.0/lib/gcc/avr/13.2.0/avr5/libgcc.a(_prologue.o)
 .debug_info    0x00000b6b       0x24 /nix/store/fhlw83iyhy5zfab548jl2nc693cb3shf-avr-gcc-13.2.0/lib/gcc/avr/13.2.0/avr5/libgcc.a(_epilogue.o)

.debug_abbrev   0x00000000      0x91a
 *(.debug_abbrev)
 .debug_abbrev  0x00000000      0x5a2 /nix/store/3r8b164q0vzx0qgi62gh1nsx03yc13f4-avr-libc-avr-2.1.0/avr/lib/avr5/crtatmega328p.o
 .debug_abbrev  0x000005a2      0x1d7 src/main.o
 .debug_abbrev  0x00000779      0x115 src/usart.o
 .debug_abbrev  0x0000088e       0x14 /nix/store/fhlw83iyhy5zfab548jl2nc693cb3shf-avr-gcc-13.2.0/lib/gcc/avr/13.2.0/avr5/libgcc.a(_divmodhi4.o)
 .debug_abbrev  0x000008a2       0x14 /nix/store/fhlw83iyhy5zfab548jl2nc693cb3shf-avr-gcc-13.2.0/lib/gcc/avr/13.2.0/avr5/libgcc.a(_exit.o)
 .debug_abbrev  0x000008b6       0x14 /nix/store/fhlw83iyhy5zfab548jl2nc693cb3shf-avr-gcc-13.2.0/lib/gcc/avr/13.2.0/avr5/libgcc.a(_copy_data.o)
 .debug_abbrev  0x000008ca       0x14 /nix/store/fhlw83iyhy5zfab548jl2nc693cb3shf-avr-gcc-13.2.0/lib/gcc/avr/13.2.0/avr5/libgcc.a(_clear_bss.o)
 .debug_abbrev  0x000008de       0x14 /nix/store/fhlw83iyhy5zfab548jl2nc693cb3shf-avr-gcc-13.2.0/lib/gcc/avr/13.2.0/avr5/libgcc.a(_udivmodhi4.o)
 .debug_abbrev  0x000008f2       0x14 /nix/store/fhlw83iyhy5zfab548jl2nc693cb3shf-avr-gcc-13.2.0/lib/gcc/avr/13.2.0/avr5/libgcc.a(_prologue.o)
 .debug_abbrev  0x00000906       0x14 /nix/store/fhlw83iyhy5zfab548jl2nc693cb3shf-avr-gcc-13.2.0/lib/gcc/avr/13.2.0/avr5/libgcc.a(_epilogue.o)

.debug_line     0x00000000      0xa77
 *(.debug_line .debug_line.* .debug_line_end)
 .debug_line    0x00000000       0x1d /nix/store/3r8b164q0vzx0qgi62gh1nsx03yc13f4-avr-libc-avr-2.1.0/avr/lib/avr5/crtatmega328p.o
 .debug_line    0x0000001d      0x3de src/main.o
 .debug_line    0x000003fb      0x1e7 src/usart.o
 .debug_line    0x000005e2       0xb7 /nix/store/fhlw83iyhy5zfab548jl2nc693cb3shf-avr-gcc-13.2.0/lib/gcc/avr/13.2.0/avr5/libgcc.a(_divmodhi4.o)
 .debug_line    0x00000699       0x51 /nix/store/fhlw83iyhy5zfab548jl2nc693cb3shf-avr-gcc-13.2.0/lib/gcc/avr/13.2.0/avr5/libgcc.a(_exit.o)
 .debug_line    0x000006ea       0x87 /nix/store/fhlw83iyhy5zfab548jl2nc693cb3shf-avr-gcc-13.2.0/lib/gcc/avr/13.2.0/avr5/libgcc.a(_copy_data.o)
 .debug_line    0x00000771       0x75 /nix/store/fhlw83iyhy5zfab548jl2nc693cb3shf-avr-gcc-13.2.0/lib/gcc/avr/13.2.0/avr5/libgcc.a(_clear_bss.o)
 .debug_line    0x000007e6       0xbd /nix/store/fhlw83iyhy5zfab548jl2nc693cb3shf-avr-gcc-13.2.0/lib/gcc/avr/13.2.0/avr5/libgcc.a(_udivmodhi4.o)
 .debug_line    0x000008a3       0xed /nix/store/fhlw83iyhy5zfab548jl2nc693cb3shf-avr-gcc-13.2.0/lib/gcc/avr/13.2.0/avr5/libgcc.a(_prologue.o)
 .debug_line    0x00000990       0xe7 /nix/store/fhlw83iyhy5zfab548jl2nc693cb3shf-avr-gcc-13.2.0/lib/gcc/avr/13.2.0/avr5/libgcc.a(_epilogue.o)

.debug_frame    0x00000000       0xec
 *(.debug_frame)
 .debug_frame   0x00000000       0x5c src/main.o
 .debug_frame   0x0000005c       0x90 src/usart.o

.debug_str      0x00000000      0x494
 *(.debug_str)
 .debug_str     0x00000000      0x208 /nix/store/3r8b164q0vzx0qgi62gh1nsx03yc13f4-avr-libc-avr-2.1.0/avr/lib/avr5/crtatmega328p.o
 .debug_str     0x00000208      0x28c src/main.o
                                0x1dc (size before relaxing)
 .debug_str     0x00000494      0x1ab src/usart.o
 .debug_str     0x00000494       0x5e /nix/store/fhlw83iyhy5zfab548jl2nc693cb3shf-avr-gcc-13.2.0/lib/gcc/avr/13.2.0/avr5/libgcc.a(_divmodhi4.o)
 .debug_str     0x00000494       0x5e /nix/store/fhlw83iyhy5zfab548jl2nc693cb3shf-avr-gcc-13.2.0/lib/gcc/avr/13.2.0/avr5/libgcc.a(_exit.o)
 .debug_str     0x00000494       0x5e /nix/store/fhlw83iyhy5zfab548jl2nc693cb3shf-avr-gcc-13.2.0/lib/gcc/avr/13.2.0/avr5/libgcc.a(_copy_data.o)
 .debug_str     0x00000494       0x5e /nix/store/fhlw83iyhy5zfab548jl2nc693cb3shf-avr-gcc-13.2.0/lib/gcc/avr/13.2.0/avr5/libgcc.a(_clear_bss.o)
 .debug_str     0x00000494       0x5e /nix/store/fhlw83iyhy5zfab548jl2nc693cb3shf-avr-gcc-13.2.0/lib/gcc/avr/13.2.0/avr5/libgcc.a(_udivmodhi4.o)
 .debug_str     0x00000494       0x5e /nix/store/fhlw83iyhy5zfab548jl2nc693cb3shf-avr-gcc-13.2.0/lib/gcc/avr/13.2.0/avr5/libgcc.a(_prologue.o)
 .debug_str     0x00000494       0x5e /nix/store/fhlw83iyhy5zfab548jl2nc693cb3shf-avr-gcc-13.2.0/lib/gcc/avr/13.2.0/avr5/libgcc.a(_epilogue.o)

.debug_loc
 *(.debug_loc)

.debug_macinfo
 *(.debug_macinfo)

.debug_weaknames
 *(.debug_weaknames)

.debug_funcnames
 *(.debug_funcnames)

.debug_typenames
 *(.debug_typenames)

.debug_varnames
 *(.debug_varnames)

.debug_pubtypes
 *(.debug_pubtypes)

.debug_ranges
 *(.debug_ranges)

.debug_addr
 *(.debug_addr)

.debug_line_str
                0x00000000      0x146
 *(.debug_line_str)
 .debug_line_str
                0x00000000      0x146 src/main.o
                                0x10a (size before relaxing)
 .debug_line_str
                0x00000146       0xb7 src/usart.o
 .debug_line_str
                0x00000146       0x52 /nix/store/fhlw83iyhy5zfab548jl2nc693cb3shf-avr-gcc-13.2.0/lib/gcc/avr/13.2.0/avr5/libgcc.a(_divmodhi4.o)
 .debug_line_str
                0x00000146       0x52 /nix/store/fhlw83iyhy5zfab548jl2nc693cb3shf-avr-gcc-13.2.0/lib/gcc/avr/13.2.0/avr5/libgcc.a(_exit.o)
 .debug_line_str
                0x00000146       0x52 /nix/store/fhlw83iyhy5zfab548jl2nc693cb3shf-avr-gcc-13.2.0/lib/gcc/avr/13.2.0/avr5/libgcc.a(_copy_data.o)
 .debug_line_str
                0x00000146       0x52 /nix/store/fhlw83iyhy5zfab548jl2nc693cb3shf-avr-gcc-13.2.0/lib/gcc/avr/13.2.0/avr5/libgcc.a(_clear_bss.o)
 .debug_line_str
                0x00000146       0x52 /nix/store/fhlw83iyhy5zfab548jl2nc693cb3shf-avr-gcc-13.2.0/lib/gcc/avr/13.2.0/avr5/libgcc.a(_udivmodhi4.o)
 .debug_line_str
                0x00000146       0x52 /nix/store/fhlw83iyhy5zfab548jl2nc693cb3shf-avr-gcc-13.2.0/lib/gcc/avr/13.2.0/avr5/libgcc.a(_prologue.o)
 .debug_line_str
                0x00000146       0x52 /nix/store/fhlw83iyhy5zfab548jl2nc693cb3shf-avr-gcc-13.2.0/lib/gcc/avr/13.2.0/avr5/libgcc.a(_epilogue.o)

.debug_loclists
                0x00000000      0x171
 *(.debug_loclists)
 .debug_loclists
                0x00000000       0x9c src/main.o
 .debug_loclists
                0x0000009c       0xd5 src/usart.o

.debug_macro
 *(.debug_macro)

.debug_names
 *(.debug_names)

.debug_rnglists
                0x00000000       0x1b
 *(.debug_rnglists)
 .debug_rnglists
                0x00000000       0x1b src/main.o

.debug_str_offsets
 *(.debug_str_offsets)

.debug_sup
 *(.debug_sup)
OUTPUT(src/main.elf elf32-avr)
LOAD linker stubs

Cross Reference Table

Symbol                                            File
__FUSE_REGION_LENGTH__                            /nix/store/3r8b164q0vzx0qgi62gh1nsx03yc13f4-avr-libc-avr-2.1.0/avr/lib/avr5/crtatmega328p.o
__bad_interrupt                                   /nix/store/3r8b164q0vzx0qgi62gh1nsx03yc13f4-avr-libc-avr-2.1.0/avr/lib/avr5/crtatmega328p.o
__bss_end                                         /nix/store/fhlw83iyhy5zfab548jl2nc693cb3shf-avr-gcc-13.2.0/lib/gcc/avr/13.2.0/avr5/libgcc.a(_clear_bss.o)
__bss_start                                       /nix/store/fhlw83iyhy5zfab548jl2nc693cb3shf-avr-gcc-13.2.0/lib/gcc/avr/13.2.0/avr5/libgcc.a(_clear_bss.o)
__data_end                                        /nix/store/fhlw83iyhy5zfab548jl2nc693cb3shf-avr-gcc-13.2.0/lib/gcc/avr/13.2.0/avr5/libgcc.a(_copy_data.o)
__data_load_start                                 /nix/store/fhlw83iyhy5zfab548jl2nc693cb3shf-avr-gcc-13.2.0/lib/gcc/avr/13.2.0/avr5/libgcc.a(_copy_data.o)
__data_start                                      /nix/store/fhlw83iyhy5zfab548jl2nc693cb3shf-avr-gcc-13.2.0/lib/gcc/avr/13.2.0/avr5/libgcc.a(_copy_data.o)
__divmodhi4                                       /nix/store/fhlw83iyhy5zfab548jl2nc693cb3shf-avr-gcc-13.2.0/lib/gcc/avr/13.2.0/avr5/libgcc.a(_divmodhi4.o)
                                                  src/main.o
__do_clear_bss                                    /nix/store/fhlw83iyhy5zfab548jl2nc693cb3shf-avr-gcc-13.2.0/lib/gcc/avr/13.2.0/avr5/libgcc.a(_clear_bss.o)
                                                  src/main.o
__do_copy_data                                    /nix/store/fhlw83iyhy5zfab548jl2nc693cb3shf-avr-gcc-13.2.0/lib/gcc/avr/13.2.0/avr5/libgcc.a(_copy_data.o)
                                                  src/main.o
__epilogue_restores__                             /nix/store/fhlw83iyhy5zfab548jl2nc693cb3shf-avr-gcc-13.2.0/lib/gcc/avr/13.2.0/avr5/libgcc.a(_epilogue.o)
                                                  /nix/store/3r8b164q0vzx0qgi62gh1nsx03yc13f4-avr-libc-avr-2.1.0/avr/lib/avr5/libc.a(dtoa_prf.o)
__ftoa_engine                                     /nix/store/3r8b164q0vzx0qgi62gh1nsx03yc13f4-avr-libc-avr-2.1.0/avr/lib/avr5/libc.a(ftoa_engine.o)
                                                  /nix/store/3r8b164q0vzx0qgi62gh1nsx03yc13f4-avr-libc-avr-2.1.0/avr/lib/avr5/libc.a(dtoa_prf.o)
__heap_end                                        /nix/store/3r8b164q0vzx0qgi62gh1nsx03yc13f4-avr-libc-avr-2.1.0/avr/lib/avr5/crtatmega328p.o
__init                                            /nix/store/3r8b164q0vzx0qgi62gh1nsx03yc13f4-avr-libc-avr-2.1.0/avr/lib/avr5/crtatmega328p.o
__prologue_saves__                                /nix/store/fhlw83iyhy5zfab548jl2nc693cb3shf-avr-gcc-13.2.0/lib/gcc/avr/13.2.0/avr5/libgcc.a(_prologue.o)
                                                  /nix/store/3r8b164q0vzx0qgi62gh1nsx03yc13f4-avr-libc-avr-2.1.0/avr/lib/avr5/libc.a(dtoa_prf.o)
__stack                                           /nix/store/3r8b164q0vzx0qgi62gh1nsx03yc13f4-avr-libc-avr-2.1.0/avr/lib/avr5/crtatmega328p.o
__udivmodhi4                                      /nix/store/fhlw83iyhy5zfab548jl2nc693cb3shf-avr-gcc-13.2.0/lib/gcc/avr/13.2.0/avr5/libgcc.a(_udivmodhi4.o)
                                                  /nix/store/fhlw83iyhy5zfab548jl2nc693cb3shf-avr-gcc-13.2.0/lib/gcc/avr/13.2.0/avr5/libgcc.a(_divmodhi4.o)
__vector_1                                        /nix/store/3r8b164q0vzx0qgi62gh1nsx03yc13f4-avr-libc-avr-2.1.0/avr/lib/avr5/crtatmega328p.o
__vector_10                                       /nix/store/3r8b164q0vzx0qgi62gh1nsx03yc13f4-avr-libc-avr-2.1.0/avr/lib/avr5/crtatmega328p.o
__vector_11                                       src/main.o
                                                  /nix/store/3r8b164q0vzx0qgi62gh1nsx03yc13f4-avr-libc-avr-2.1.0/avr/lib/avr5/crtatmega328p.o
__vector_12                                       /nix/store/3r8b164q0vzx0qgi62gh1nsx03yc13f4-avr-libc-avr-2.1.0/avr/lib/avr5/crtatmega328p.o
__vector_13                                       /nix/store/3r8b164q0vzx0qgi62gh1nsx03yc13f4-avr-libc-avr-2.1.0/avr/lib/avr5/crtatmega328p.o
__vector_14                                       /nix/store/3r8b164q0vzx0qgi62gh1nsx03yc13f4-avr-libc-avr-2.1.0/avr/lib/avr5/crtatmega328p.o
__vector_15                                       /nix/store/3r8b164q0vzx0qgi62gh1nsx03yc13f4-avr-libc-avr-2.1.0/avr/lib/avr5/crtatmega328p.o
__vector_16                                       /nix/store/3r8b164q0vzx0qgi62gh1nsx03yc13f4-avr-libc-avr-2.1.0/avr/lib/avr5/crtatmega328p.o
__vector_17                                       /nix/store/3r8b164q0vzx0qgi62gh1nsx03yc13f4-avr-libc-avr-2.1.0/avr/lib/avr5/crtatmega328p.o
__vector_18                                       /nix/store/3r8b164q0vzx0qgi62gh1nsx03yc13f4-avr-libc-avr-2.1.0/avr/lib/avr5/crtatmega328p.o
__vector_19                                       /nix/store/3r8b164q0vzx0qgi62gh1nsx03yc13f4-avr-libc-avr-2.1.0/avr/lib/avr5/crtatmega328p.o
__vector_2                                        /nix/store/3r8b164q0vzx0qgi62gh1nsx03yc13f4-avr-libc-avr-2.1.0/avr/lib/avr5/crtatmega328p.o
__vector_20                                       /nix/store/3r8b164q0vzx0qgi62gh1nsx03yc13f4-avr-libc-avr-2.1.0/avr/lib/avr5/crtatmega328p.o
__vector_21                                       /nix/store/3r8b164q0vzx0qgi62gh1nsx03yc13f4-avr-libc-avr-2.1.0/avr/lib/avr5/crtatmega328p.o
__vector_22                                       /nix/store/3r8b164q0vzx0qgi62gh1nsx03yc13f4-avr-libc-avr-2.1.0/avr/lib/avr5/crtatmega328p.o
__vector_23                                       /nix/store/3r8b164q0vzx0qgi62gh1nsx03yc13f4-avr-libc-avr-2.1.0/avr/lib/avr5/crtatmega328p.o
__vector_24                                       /nix/store/3r8b164q0vzx0qgi62gh1nsx03yc13f4-avr-libc-avr-2.1.0/avr/lib/avr5/crtatmega328p.o
__vector_25                                       /nix/store/3r8b164q0vzx0qgi62gh1nsx03yc13f4-avr-libc-avr-2.1.0/avr/lib/avr5/crtatmega328p.o
__vector_3                                        /nix/store/3r8b164q0vzx0qgi62gh1nsx03yc13f4-avr-libc-avr-2.1.0/avr/lib/avr5/crtatmega328p.o
__vector_4                                        /nix/store/3r8b164q0vzx0qgi62gh1nsx03yc13f4-avr-libc-avr-2.1.0/avr/lib/avr5/crtatmega328p.o
__vector_5                                        /nix/store/3r8b164q0vzx0qgi62gh1nsx03yc13f4-avr-libc-avr-2.1.0/avr/lib/avr5/crtatmega328p.o
__vector_6                                        /nix/store/3r8b164q0vzx0qgi62gh1nsx03yc13f4-avr-libc-avr-2.1.0/avr/lib/avr5/crtatmega328p.o
__vector_7                                        /nix/store/3r8b164q0vzx0qgi62gh1nsx03yc13f4-avr-libc-avr-2.1.0/avr/lib/avr5/crtatmega328p.o
__vector_8                                        /nix/store/3r8b164q0vzx0qgi62gh1nsx03yc13f4-avr-libc-avr-2.1.0/avr/lib/avr5/crtatmega328p.o
__vector_9                                        /nix/store/3r8b164q0vzx0qgi62gh1nsx03yc13f4-avr-libc-avr-2.1.0/avr/lib/avr5/crtatmega328p.o
__vector_default                                  /nix/store/3r8b164q0vzx0qgi62gh1nsx03yc13f4-avr-libc-avr-2.1.0/avr/lib/avr5/crtatmega328p.o
__vectors                                         /nix/store/3r8b164q0vzx0qgi62gh1nsx03yc13f4-avr-libc-avr-2.1.0/avr/lib/avr5/crtatmega328p.o
_div                                              /nix/store/fhlw83iyhy5zfab548jl2nc693cb3shf-avr-gcc-13.2.0/lib/gcc/avr/13.2.0/avr5/libgcc.a(_divmodhi4.o)
_exit                                             /nix/store/fhlw83iyhy5zfab548jl2nc693cb3shf-avr-gcc-13.2.0/lib/gcc/avr/13.2.0/avr5/libgcc.a(_exit.o)
check_btns                                        src/main.o
digits                                            src/main.o
display                                           src/main.o
dtoa_prf                                          /nix/store/3r8b164q0vzx0qgi62gh1nsx03yc13f4-avr-libc-avr-2.1.0/avr/lib/avr5/libc.a(dtoa_prf.o)
                                                  /nix/store/3r8b164q0vzx0qgi62gh1nsx03yc13f4-avr-libc-avr-2.1.0/avr/lib/avr5/libc.a(dtostrf.o)
dtostrf                                           /nix/store/3r8b164q0vzx0qgi62gh1nsx03yc13f4-avr-libc-avr-2.1.0/avr/lib/avr5/libc.a(dtostrf.o)
                                                  src/usart.o
exit                                              /nix/store/fhlw83iyhy5zfab548jl2nc693cb3shf-avr-gcc-13.2.0/lib/gcc/avr/13.2.0/avr5/libgcc.a(_exit.o)
                                                  /nix/store/3r8b164q0vzx0qgi62gh1nsx03yc13f4-avr-libc-avr-2.1.0/avr/lib/avr5/crtatmega328p.o
init_timer1                                       src/main.o
main                                              src/main.o
                                                  /nix/store/3r8b164q0vzx0qgi62gh1nsx03yc13f4-avr-libc-avr-2.1.0/avr/lib/avr5/crtatmega328p.o
memset                                            /nix/store/3r8b164q0vzx0qgi62gh1nsx03yc13f4-avr-libc-avr-2.1.0/avr/lib/avr5/libc.a(memset.o)
                                                  /nix/store/3r8b164q0vzx0qgi62gh1nsx03yc13f4-avr-libc-avr-2.1.0/avr/lib/avr5/libc.a(dtoa_prf.o)
num_seconds                                       src/main.o
reset_pressed                                     src/main.o
start_pressed                                     src/main.o
usart_init                                        src/usart.o
usart_transmit                                    src/usart.o
usart_tx_float                                    src/usart.o
usart_tx_string                                   src/usart.o
